[2026-08-19 10:54:35.133] [2203609] WARN WmIniFile::Init:file does not exist
[2026-08-19 10:54:35.133] [2203609]  ERR WmIniFile::Init: 0x7000
[2026-08-19 10:54:35.133] [2203609]  ERR WmIniFile::GetEntry(WmString):Init: 0x7000
[2026-08-19 10:54:35.133] [2203609] INFO Set log level: 4
[2026-08-19 10:54:35.133] [2203609] INFO Executing command: [deploy]
[2026-08-19 10:54:35.133] [2203609] INFO [SDCryptoModule] TTOKI initialization ...
[2026-08-19 10:54:35.135] [2203609] INFO [SDCryptoModule] TTOKI initialization completed
[2026-08-19 10:54:35.135] [2203609] INFO [handle]Deploy handling ...
[2026-08-19 10:54:35.167] [2203609] INFO [handle]Deploy succeeded
[2026-08-19 10:54:35.167] [2203609] INFO deploy: finished
[2026-08-19 10:54:36.729] [2203825] WARN WmIniFile::Init:file does not exist
[2026-08-19 10:54:36.729] [2203825]  ERR WmIniFile::Init: 0x7000
[2026-08-19 10:54:36.729] [2203825]  ERR WmIniFile::GetEntry(WmString):Init: 0x7000
[2026-08-19 10:54:36.729] [2203825] INFO Set log level: 4
[2026-08-19 10:54:36.729] [2203825] INFO Executing command: [deploy]
[2026-08-19 10:54:36.729] [2203825] INFO [SDCryptoModule] TTOKI initialization ...
[2026-08-19 10:54:36.730] [2203825] INFO [SDCryptoModule] TTOKI initialization completed
[2026-08-19 10:54:36.730] [2203825] INFO [handle]Deploy handling ...
[2026-08-19 10:54:36.763] [2203825] INFO [handle]Deploy succeeded
[2026-08-19 10:54:36.763] [2203825] INFO deploy: finished
